// Jest Snapshot v1, https://goo.gl/fbAQLP

exports[`CollectionItem component should render CollectionItem component 1`] = `
<styled.div>
  <BackgroundImage
    style={
      Object {
        "backgroundImage": "url(adidas-nmd.png)",
      }
    }
  />
  <CollectionFooterContainer>
    <NameContainer>
      Adidas NMD
    </NameContainer>
    <PriceContainer>
      <Connect(Price)
        price={220}
      />
    </PriceContainer>
  </CollectionFooterContainer>
  <AddButton
    inverted={true}
    onClick={[Function]}
  >
    Add to cart
  </AddButton>
</styled.div>
`;
