// Jest Snapshot v1, https://goo.gl/fbAQLP

exports[`MenuItem component should render MenuItem component 1`] = `
<MenuItemContainer
  onClick={[Function]}
  size="large"
>
  <BackgroundImageContainer
    style={
      Object {
        "backgroundImage": "url(brown-brim.png)",
      }
    }
  />
  <styled.div>
    <styled.span>
      HATS
    </styled.span>
    <styled.span>
      SHOP NOW
    </styled.span>
  </styled.div>
</MenuItemContainer>
`;
